<html>
<body>
<pre>
<h1>µVision Build Log</h1>
<h2>Tool Versions:</h2>
IDE-Version: ¦ÌVision V5.15
Copyright (C) 2015 ARM Ltd and ARM Germany GmbH. All rights reserved.
License Information: 1 1, 1, LIC=----
 
Tool Versions:
Toolchain:       MDK-Lite  Version: 5.15.0
Toolchain Path:  D:\software\kile5\ARM\ARMCC\Bin
C Compiler:      Armcc.exe V5.05 update 2 (build 169)
Assembler:       Armasm.exe V5.05 update 2 (build 169)
Linker/Locator:  ArmLink.exe V5.05 update 2 (build 169)
Library Manager: ArmAr.exe V5.05 update 2 (build 169)
Hex Converter:   FromElf.exe V5.05 update 2 (build 169)
CPU DLL:         SARMCM3.DLL V5.15.0
Dialog DLL:      DCM.DLL V1.13.2.0
Target DLL:      CMSIS_AGDI.dll V1.21.12.0
Dialog DLL:      TCM.DLL V1.14.5.0
 
<h2>Project:</h2>
C:\Users\87375\Desktop\gik\Project\BH-F103.uvprojx
Project File Date:  10/13/2018

<h2>Output:</h2>
*** Using Compiler 'V5.05 update 2 (build 169)', folder: 'D:\software\kile5\ARM\ARMCC\Bin'
Rebuild target 'Target 1'
assembling startup_stm32f10x_hd.s...
compiling core_cm3.c...
compiling system_stm32f10x.c...
compiling misc.c...
compiling stm32f10x_adc.c...
compiling stm32f10x_bkp.c...
compiling stm32f10x_can.c...
compiling stm32f10x_cec.c...
compiling stm32f10x_crc.c...
compiling stm32f10x_dac.c...
compiling stm32f10x_dbgmcu.c...
compiling stm32f10x_dma.c...
compiling stm32f10x_exti.c...
compiling stm32f10x_flash.c...
compiling stm32f10x_fsmc.c...
compiling stm32f10x_gpio.c...
compiling stm32f10x_i2c.c...
compiling stm32f10x_iwdg.c...
compiling stm32f10x_pwr.c...
compiling stm32f10x_rcc.c...
compiling stm32f10x_rtc.c...
compiling stm32f10x_sdio.c...
compiling stm32f10x_spi.c...
compiling stm32f10x_tim.c...
compiling stm32f10x_usart.c...
compiling stm32f10x_wwdg.c...
compiling mian.c...
..\User\mian.c(31): warning:  #177-D: variable "count" was declared but never referenced
        int count =0;
..\User\mian.c(32): warning:  #177-D: variable "flag" was declared but never referenced
        int flag =0;
..\User\mian.c(35): warning:  #177-D: variable "getlen" was declared but never referenced
        uint16_t getlen=0;
..\User\mian.c(36): warning:  #177-D: variable "linenum" was declared but never referenced
        uint8_t linenum=0;      
..\User\mian.c: 4 warnings, 0 errors
compiling stm32f10x_it.c...
..\User\stm32f10x_it.c(188): warning:  #223-D: function "strstr" declared implicitly
                ucTcpClosedFlag = strstr ( strEsp8266_Fram_Record .Data_RX_BUF, "CLOSED\r\n" ) ? 1 : 0;
..\User\stm32f10x_it.c: 1 warning, 0 errors
compiling bsp_led.c...
compiling bsp_usart.c...
compiling bsp_usart_blt.c...
compiling bsp_SysTick.c...
compiling bsp_hc05.c...
compiling Common.c...
compiling bsp_esp8266.c...
compiling test.c...
..\User\Test\test.c(26): warning:  #177-D: variable "ucStatus" was declared but never referenced
        uint8_t ucStatus;
..\User\Test\test.c(27): warning:  #177-D: variable "count1" was declared but never referenced
        int count1=0;
..\User\Test\test.c(28): warning:  #177-D: variable "count2" was declared but never referenced
        int count2=0;
..\User\Test\test.c(29): warning:  #177-D: variable "count3" was declared but never referenced
        int count3=0;
..\User\Test\test.c: 4 warnings, 0 errors
linking...
Program Size: Code=6056 RO-data=336 RW-data=60 ZI-data=8756  
FromELF: creating hex file...
".\Objects\BH-F103.axf" - 0 Error(s), 9 Warning(s).

<h2>Collection of Component include folders:</h2>
  C:\Users\87375\Desktop\gik\Project\RTE
  D:\software\kile5\ARM\PACK\Keil\STM32F1xx_DFP\1.1.0\Device\Include

<h2>Collection of Component Files used:</h2>
</pre>
</body>
</html>
